
// Adicionar os arquivos a serem commitados
reque:~/workspace (master) $ git add .
reque:~/workspace (master) $ git commit

// Vai abrir uma tela, basta descomentar o que deve ser commitado e dar um Ctrl+O - YES - Ctrl+X

<EXEMPLO>
# Please enter the commit message for your changes. Lines starting
# with '#' will be ignored, and an empty message aborts the commit.
# On branch master
# Your branch is up-to-date with 'origin/master'.
#
# Changes to be committed:
       new file:   Passo-a-passo Git.txt
       modified:   index.html
#

Ctrl + O
Confirma
Ctrl + X

[master 3ada276]        new file:   index.html
 1 file changed, 9 insertions(+)
 create mode 100644 index.html

// Mandar as alterações para o Git Remoto
reque:~/workspace (master) $ git push origin master 

// Botar as credenciais criadas
Username for 'https://github.com': tkreque
Password for 'https://tkreque@github.com': 
Counting objects: 3, done.
Delta compression using up to 8 threads.
Compressing objects: 100% (3/3), done.
Writing objects: 100% (3/3), 346 bytes | 0 bytes/s, done.
Total 3 (delta 0), reused 0 (delta 0)
To https://github.com/tkreque/losPets.git
   3e23483..3ada276  master -> master
